Microchip MPLAB XC8 Compiler V2.00 ()

Linker command line:

-W-3 --edf=/opt/microchip/xc8/v2.00/pic/dat/en_msgs.txt -cs \
  -h+dist/default/production/dimmer.X.production.sym \
  --cmf=dist/default/production/dimmer.X.production.cmf -z -Q12F629 \
  -o/tmp/xcX3PZODd --defsym=__MPLAB_BUILD=1 \
  -Mdist/default/production/dimmer.X.production.map -E1 -ver=XC8 \
  --acfsm=1493 -ASTACK=049h-05dh -pstack=STACK -ACODE=00h-03FEh \
  -ASTRCODE=00h-03FEh -ASTRING=00h-0FFhx3,0300h-03FEh \
  -ACONST=00h-0FFhx3,0300h-03FEh -AENTRY=00h-0FFhx3,0300h-03FEh \
  -ABANK0=020h-05Dh -ARAM=020h-05Dh -AABS1=020h-05Fh -ACOMMON=05Eh-05Fh \
  -ASFR0=00h-01Fh -ASFR1=080h-0DDh \
  -preset_vec=00h,intentry=04h,init,end_init -ppowerup=CODE -pcinit=CODE \
  -pfunctab=ENTRY -ACONFIG=02007h-02007h -pconfig=CONFIG -DCONFIG=2 \
  -AIDLOC=02000h-02003h -pidloc=IDLOC -DIDLOC=2 -AEEDATA=00h-07Fh/02100h \
  -peeprom_data=EEDATA -DEEDATA=2 -posccal=03FFh -DCODE=2 -DSTRCODE=2 \
  -DSTRING=2 -DCONST=2 -DENTRY=2 -k /tmp/xcX0dEWF5.o \
  dist/default/production/dimmer.X.production.o 

Object code version is 3.11

Machine type is 12F629



                Name                               Link     Load   Length Selector   Space Scale
/tmp/xcX0dEWF5.o
                end_init                              D        D        1        8       0
                reset_vec                             0        0        1        0       0
                config                             2007     2007        1     400E       0
dist/default/production/dimmer.X.production.o
                cinit                                 E        E       13        8       0
                intentry                              4        4        9        8       0
                text1                               1DC      1DC       76        8       0
                maintext                             21       21      1BB        8       0
                cstackBANK0                          34       34        D       20       1
                clrtext                             252      252        8        8       0
                dataBANK0                            41       41        6       20       1
                bssBANK0                             20       20       14       20       1
                nvBANK0                              47       47        2       20       1
                idataBANK0                          25A      25A        6        8       0

TOTAL           Name                               Link     Load   Length     Space
        CLASS   STACK          

        CLASS   CODE           
                end_init                              D        D        1         0
                cinit                                 E        E       13         0
                intentry                              4        4        9         0
                reset_vec                             0        0        1         0
                text1                               1DC      1DC       76         0
                maintext                             21       21      1BB         0
                clrtext                             252      252        8         0
                idataBANK0                          25A      25A        6         0

        CLASS   STRCODE        

        CLASS   STRING         

        CLASS   CONST          

        CLASS   ENTRY          

        CLASS   BANK0          
                cstackBANK0                          34       34        D         1
                dataBANK0                            41       41        6         1
                bssBANK0                             20       20       14         1
                nvBANK0                              47       47        2         1

        CLASS   RAM            

        CLASS   ABS1           
                abs_s1                               5E       5E        2         1

        CLASS   COMMON         

        CLASS   SFR0           

        CLASS   SFR1           

        CLASS   CONFIG         
                config                             2007     2007        1         0

        CLASS   IDLOC          

        CLASS   EEDATA         

        CLASS   BANK1          



SEGMENTS        Name                           Load    Length   Top    Selector   Space  Class     Delta

                reset_vec                      000000  000001  000001         0       0  CODE        2
                intentry                       000004  00025C  000260         8       0  CODE        2
                bssBANK0                       000020  000029  000049        20       1  BANK0       1
                config                         002007  000001  002008      400E       0  CONFIG      2


UNUSED ADDRESS RANGES

        Name                Unused          Largest block    Delta
        BANK0            0049-005D             15           1
        CODE             0001-0003              3           2
                         0260-03FE            19F
        CONST            0001-0003              3           2
                         0260-03FE             A0
        EEDATA           2100-217F             80           2
        ENTRY            0001-0003              3           2
                         0260-03FE             A0
        IDLOC            2000-2003              4           2
        RAM              0049-005D             15           1
        SFR0             0000-001F             20           1
        SFR1             0080-00DD             5E           1
        STACK            0049-005D             15           1
        STRCODE          0001-0003              3           2
                         0260-03FE            19F
        STRING           0001-0003              3           2
                         0260-03FE             A0

                                  Symbol Table

_GPIO                    (abs)       0005
_GPIO0                   (abs)       0028
_GPIO1                   (abs)       0029
_INTCONbits              (abs)       000B
_L                       bssBANK0    0030
_OPTION_REGbits          (abs)       0081
_TMR0                    (abs)       0001
_TRISIO                  (abs)       0085
__CFG_BOREN$ON           (abs)       0000
__CFG_CP$OFF             (abs)       0000
__CFG_CPD$OFF            (abs)       0000
__CFG_FOSC$INTRCIO       (abs)       0000
__CFG_MCLRE$OFF          (abs)       0000
__CFG_PWRTE$OFF          (abs)       0000
__CFG_WDTE$OFF           (abs)       0000
__Habs1                  abs1        07FE
__Hbank0                 bank0       07FE
__Hbank1                 bank1       07FE
__HbssBANK0              bssBANK0    07FE
__Hcinit                 cinit       0021
__Hclrtext               clrtext     07FE
__Hcode                  code        07FE
__Hcommon                common      07FE
__Hconfig                config      2008
__HcstackBANK0           cstackBANK0 07FE
__HdataBANK0             dataBANK0   07FE
__Heeprom_data           eeprom_data 0000
__Hend_init              end_init    000E
__Hfunctab               functab     0000
__HidataBANK0            idataBANK0  07FE
__Hidloc                 idloc       0000
__Hinit                  init        000D
__Hintentry              intentry    000D
__Hmaintext              maintext    07FE
__HnvBANK0               nvBANK0     07FE
__Hosccal                osccal      03FF
__Hpowerup               powerup     0000
__Hram                   ram         07FE
__Hreset_vec             reset_vec   0001
__Hsfr0                  sfr0        07FE
__Hsfr1                  sfr1        07FE
__Hspace_0               (abs)       2008
__Hspace_1               (abs)       07FE
__Hspace_2               (abs)       0000
__Hspace_3               (abs)       0000
__Hstack                 stack       0000
__Hstrings               strings     07FE
__Htext                  text        07FE
__Labs1                  abs1        07FE
__Lbank0                 bank0       07FE
__Lbank1                 bank1       07FE
__LbssBANK0              bssBANK0    07FE
__Lcinit                 cinit       000E
__Lclrtext               clrtext     07FE
__Lcode                  code        07FE
__Lcommon                common      07FE
__Lconfig                config      2007
__LcstackBANK0           cstackBANK0 07FE
__LdataBANK0             dataBANK0   07FE
__Leeprom_data           eeprom_data 0000
__Lend_init              end_init    000D
__Lfunctab               functab     0000
__LidataBANK0            idataBANK0  07FE
__Lidloc                 idloc       0000
__Linit                  init        000D
__Lintentry              intentry    0004
__Lmaintext              maintext    07FE
__LnvBANK0               nvBANK0     07FE
__Losccal                osccal      03FF
__Lpowerup               powerup     0000
__Lram                   ram         07FE
__Lreset_vec             reset_vec   0000
__Lsfr0                  sfr0        07FE
__Lsfr1                  sfr1        07FE
__Lspace_0               (abs)       0000
__Lspace_1               (abs)       0000
__Lspace_2               (abs)       0000
__Lspace_3               (abs)       0000
__Lstack                 stack       0000
__Lstrings               strings     07FE
__Ltext                  text        07FE
__S0                     (abs)       2008
__S1                     (abs)       0049
__S2                     (abs)       0000
__S3                     (abs)       0000
___int_sp                stack       0000
___latbits               (abs)       0000
___osccal_val            osccal      03FF
___sp                    stack       0000
__end_of__initialization cinit       001F
__end_of_interrupciones  text1       0252
__end_of_main            maintext    01DC
__initialization         cinit       000E
__pbssBANK0              bssBANK0    0020
__pcstackBANK0           cstackBANK0 0034
__pdataBANK0             dataBANK0   0041
__pidataBANK0            idataBANK0  025A
__pintentry              intentry    0004
__pmaintext              maintext    0021
__pnvBANK0               nvBANK0     0047
__ptext1                 text1       01DC
__size_of_interrupciones (abs)       0000
__size_of_main           (abs)       0000
_aux                     dataBANK0   0041
_cantLuces               dataBANK0   0043
_etapa                   bssBANK0    002E
_gptemp                  nvBANK0     0047
_i                       bssBANK0    0032
_interrupciones          text1       01DC
_luces                   bssBANK0    0024
_lucesnuevas             bssBANK0    0020
_luz                     bssBANK0    002C
_luzaux                  bssBANK0    002A
_main                    maintext    0021
_valor                   bssBANK0    0028
_valorTimer              dataBANK0   0045
btemp                    (abs)       005E
clear_ram0               clrtext     0252
end_of_initialization    cinit       001F
interrupt_function       intentry    0004
intlevel0                functab     0000
intlevel1                functab     0000
intlevel2                functab     0000
intlevel3                functab     0000
intlevel4                functab     0000
intlevel5                functab     0000
reset_vec                reset_vec   0000
saved_w                  (abs)       005E
stackhi                  (abs)       0000
stacklo                  (abs)       0000
start                    init        000D
start_initialization     cinit       000E
wtemp0                   (abs)       005E


FUNCTION INFORMATION:

 *************** function _main *****************
 Defined at:
		line 35 in file "main.c"
 Parameters:    Size  Location     Type
		None
 Auto vars:     Size  Location     Type
		None
 Return value:  Size  Location     Type
                  1    wreg      void 
 Registers used:
		wreg, fsr0l, fsr0h, status,2, status,0, btemp+1
 Tracked objects:
		On entry : 
		On exit  : 
		Unchanged: 
 Data sizes:     COMMON   BANK0
      Params:         0       0
      Locals:         0       0
      Temps:          0       7
      Totals:         0       7
Total ram usage:        7 bytes
 Hardware stack levels required when called:    1
 This function calls:
		Nothing
 This function is called by:
		Startup code after reset
 This function uses a non-reentrant model


 *************** function _interrupciones *****************
 Defined at:
		line 109 in file "main.c"
 Parameters:    Size  Location     Type
		None
 Auto vars:     Size  Location     Type
		None
 Return value:  Size  Location     Type
                  1    wreg      void 
 Registers used:
		wreg, fsr0l, fsr0h, status,2, status,0
 Tracked objects:
		On entry : 
		On exit  : 
		Unchanged: 
 Data sizes:     COMMON   BANK0
      Params:         0       0
      Locals:         0       0
      Temps:          0       6
      Totals:         0       6
Total ram usage:        6 bytes
 Hardware stack levels used:    1
 This function calls:
		Nothing
 This function is called by:
		Interrupt level 1
 This function uses a non-reentrant model



MODULE INFORMATION

Module		Function		Class		Link	Load	Size
shared
		__initialization		CODE           	000E	0000	18

shared estimated size: 18

main.c
		_main          		CODE           	0021	0000	444
		_interrupciones		CODE           	01DC	0000	119

main.c estimated size: 563

